doc_code,title,phase,mandatory,source_file,source_snippet
Bilag 1,Oppdragsgivers beskrivelse av Oppdraget,contract annex,1,SSA-F_bilag.txt,Bilag 1: Oppdragsgivers beskrivelse av Oppdraget	4
Bilag 2,Oppdragstakers spesifikasjon av oppdraget,contract annex,1,SSA-F_bilag.txt,Bilag 2: Oppdragstakers spesifikasjon av oppdraget	5
Bilag 3,Prosjekt- og fremdriftsplan,contract annex,1,SSA-F_bilag.txt,Bilag 3: Prosjekt- og fremdriftsplan	6
Bilag 4,Administrative bestemmelser,contract annex,1,SSA-F_bilag.txt,Bilag 4: Administrative bestemmelser	8
Bilag 5,Pris og prisbestemmelser,contract annex,1,SSA-F_bilag.txt,Bilag 5: Pris og prisbestemmelser	10
Bilag 6,Endringer i den generelle avtaleteksten,contract annex,1,SSA-F_bilag.txt,Bilag 6: Endringer i den generelle avtaleteksten	12
Bilag 7,Endringer i Avtalen etter avtaleinngåelsen,contract annex,1,SSA-F_bilag.txt,Bilag 7: Endringer i Avtalen etter avtaleinngåelsen	13
Bilag 8,Databehandleravtale,contract annex,1,SSA-F_bilag.txt,Bilag 8: Databehandleravtale	14
