root: b9bc30feb2ce4b52666b970d5fbfe9748c0dfbf78a72ad2e7c1b173672bbbf14
lines: 54
ts: 2025-09-18T02:19:41Z
tool_version: 0.1.0
git_sha: dev
