6dba925b9157b75729c535eeacf21940a3ea8bcf2ba8edaf0134cd1f1d07a883
