item,value,source_file,source_snippet
channel,Mercell,ITT.txt,Mercell
