doc_code,title,phase,mandatory,source_file,snippet
Tilbudsbrev,Tilbudsbrev,Offer,True,ITT.txt,
Prisskjema,Prisskjema,Offer,True,ITT.txt,
Sladdet versjon,Sladdet versjon,Offer,True,ITT.txt,
Egenerklæring,Egenerklæring,Offer,True,ITT.txt,
Kravspesifikasjon,Kravspesifikasjon,Offer,True,ITT.txt,
Forpliktelseserklæring,Forpliktelseserklæring,Offer,True,ITT.txt,
