f4712623ef9842e50a94c20fba07ff8a1eff147fdeafae9fd61888ee4b4b6d15
