9ee401726d5f9877a3fa6061285d94572c3294c9509ad137eae3e2421ba60f3e
