criterion,weight_pct,group,total_pct,price_model,scoring_model,model_anchor
Pris,100,price,100,,,ITT.txt
