doc_code,title,phase,mandatory,source_file,snippet
Tilbudsbrev,Tilbudsbrev,Offer,True,ITT.txt,
Prisskjema,Prisskjema,Offer,True,ITT.txt,
Sladdet versjon,Sladdet versjon,Offer,True,ITT.txt,
Egenerklæring om russisk involvering,Egenerklæring om russisk involvering,Offer,True,ITT.txt,
