bac272a23a1cb25ba13a99c49f4a2210fa99d3bf91536767714fcb9a92af4384
