item,value,source_file,source_snippet
channel,Mercell,ITT.txt,Mercell
language,nb-NO,ITT.txt,Språk: norsk
bid_validity_months,6,ITT.txt,Vedståelsesfrist: 6 måneder
alt_offers_allowed,False,ITT.txt,alternativ/parallelle tilbud aksepteres ikke
