sheet,headers,constants
UnderlagNV_text,,"{""kpi_pct"": 2.0, ""discount_rate_pct"": 2.04, ""term_years"": 25, ""start_year"": 2027, ""start_quarter"": 1, ""decision_date"": ""31/12/2025""}"
UnderlagNV_text,,"{""kpi_pct"": 2.0, ""discount_rate_pct"": 2.04, ""term_years"": 25, ""start_year"": 2027, ""start_quarter"": 1, ""decision_date"": ""31/12/2025""}"
