5c54722c51f1b179360629400b0a1d3bd23977d013228136b4400c31e42d010a
