doc_code,title,phase,mandatory,source_file,snippet
Prisskjema,Prisskjema,Offer,True,ITT.txt,
Kravspesifikasjon,Kravspesifikasjon,Offer,True,ITT.txt,
Forpliktelseserklæring,Forpliktelseserklæring,Offer,True,ITT.txt,
