{"tool": "tender-digest", "tool_version": "0.1.0", "git_sha": "dev", "decision_schema_version": "1.0", "asset_id": "tender:pack/tender-min", "token": "ok", "decision": "allow", "reason": "allow because ok, window 5m", "window": "5m", "exit_code": 0, "ts": "2025-09-18T02:19:41Z", "correlation_id": "63cbcac1-18f7-41d0-951f-67c79557d6d2", "posture": "advice", "checks": [{"token": "tender:pack:parse_ok", "ok": true, "details": "docs=12; allowed=12", "source": null}, {"token": "tender:krav:matrices_built", "ok": true, "details": "req=4; eval=3", "source": null}, {"token": "tender:criteria:weights_disclosed", "ok": true, "details": "total=100; items=3", "source": null}, {"token": "tender:service:levels_matrix_built", "ok": true, "details": "features=11", "source": null}, {"token": "tender:contract:terms_extracted", "ok": true, "details": "keys=16", "source": null}], "pack": "tender-core"}
allow because ok, window 5m
