doc_code,title,phase,mandatory,source_file,source_snippet
Bilag 1,Kundens beskrivelse av bistanden,contract annex,1,SSA-B_bilag.txt,Bilag 1: Kundens beskrivelse av bistanden	4
Bilag 2,Konsulentens spesifikasjon av bistanden,contract annex,1,SSA-B_bilag.txt,bilag 2024
Bilag 3,Prosjekt- og fremdriftsplan,contract annex,1,SSA-B_bilag.txt,Bilag 3: Prosjekt- og fremdriftsplan	6
Bilag 4,Administrative bestemmelser,contract annex,1,SSA-B_bilag.txt,Bilag 4: Administrative bestemmelser	7
Bilag 5,Pris og prisbestemmelser,contract annex,1,SSA-B_bilag.txt,Bilag 5: Pris og prisbestemmelser	9
Bilag 6,Endringer i den generelle avtaleteksten,contract annex,1,SSA-B_bilag.txt,Bilag 6: Endringer i den generelle avtaleteksten	11
Bilag 7,Endringer i Avtalen etter avtaleinngåelsen,contract annex,1,SSA-B_bilag.txt,Bilag 7: Endringer i Avtalen etter avtaleinngåelsen	12
